// Jest Snapshot v1, https://goo.gl/fbAQLP

exports[`Sorted Datatable should receive message, calculate midPrice, sort resultant data and render table 1`] = `
"
      <div id=\\"currency-table-body\\"><tr class=\\"currency-table-row\\"><td class=\\"currency-table-cell\\">usdjpy</td><td class=\\"currency-table-cell align-right\\">106.7297012204255</td><td class=\\"currency-table-cell align-right\\">107.25199883791178</td><td class=\\"currency-table-cell align-right\\">-2.8769211401569663</td><td class=\\"currency-table-cell align-right\\">-4.862314256927661</td><td class=\\"currency-table-cell align-right\\"><span></span></td></tr></div>
    "
`;
